// Jest Snapshot v1, https://goo.gl/fbAQLP

exports[`<List /> renders the UI as expected 1`] = `
<section
  className="List"
>
  <header
    className="List-header"
  >
    <h2>
      Second list
    </h2>
  </header>
  <div
    className="List-cards"
  />
  <div
    className="Card"
  >
    <button
      type="button"
    >
      delete
    </button>
    <h3>
      Second card
    </h3>
    <p>
      lorem ipsum
    </p>
  </div>
  <div
    className="Card"
  >
    <button
      type="button"
    >
      delete
    </button>
    <h3>
      Third card
    </h3>
    <p>
      lorem ipsum
    </p>
  </div>
  <div
    className="Card"
  >
    <button
      type="button"
    >
      delete
    </button>
    <h3>
      Fourth card
    </h3>
    <p>
      lorem ipsum
    </p>
  </div>
  <div
    className="Card"
  >
    <button
      type="button"
    >
      delete
    </button>
    <h3>
      Sixth card
    </h3>
    <p>
      lorem ipsum
    </p>
  </div>
  <div
    className="Card"
  >
    <button
      type="button"
    >
      delete
    </button>
    <h3>
      Eighth card
    </h3>
    <p>
      lorem ipsum
    </p>
  </div>
  <div
    className="Card"
  >
    <button
      type="button"
    >
      delete
    </button>
    <h3>
      Ninth card
    </h3>
    <p>
      lorem ipsum
    </p>
  </div>
  <div
    className="Card"
  >
    <button
      type="button"
    >
      delete
    </button>
    <h3>
      Eleventh card
    </h3>
    <p>
      lorem ipsum
    </p>
  </div>
</section>
`;
